/home/wanting/KDD2023-DCdetector/venv/lib/python3.12/site-packages/tsfresh/__init__.py:12: UserWarning: pkg_resources is deprecated as an API. See https://setuptools.pypa.io/en/latest/pkg_resources.html. The pkg_resources package is slated for removal as early as 2025-11-30. Refrain from using this package or pin to Setuptools<81.
  import pkg_resources
2025-11-13 17:23:50,578 - INFO - 开始使用自定义数据集运行DCdetector...
2025-11-13 17:23:50,578 - INFO - 数据集: Custom
2025-11-13 17:23:50,578 - INFO - 输入特征维度: 10
2025-11-13 17:23:50,578 - INFO - 窗口大小: 30
2025-11-13 17:23:50,578 - INFO - 批次大小: 32
2025-11-13 17:23:54,214 - INFO - 开始训练模型...
[onlyNormalData=True] 训练集过滤异常数据: 377158 行 -> 339888 行 (移除 37270 个异常样本)

[PCA降维] 启用
  n_components=10
  PCA前特征维度: 27
  PCA后特征维度: 10
  解释方差比（前10个）: [0.51869311 0.15333047 0.1103832  0.07160594 0.0435558  0.02740393
 0.0225212  0.01900313 0.00983904 0.00835796]
  累积解释方差: 0.9847
  时间点数量: train=339888, val=80820, test=80820 (未改变)
[PCA降维] 完成
数据加载自: dataset/downsampleData_scratch_1minut/contact/contact_cleaned_1minut_20250928_172122.parquet
训练集形状: (339888, 10)
验证集形状: (80820, 10)
测试集形状: (80820, 10)
特征维度: 10
异常比例（行级）:
- 训练集: 原始 9.88% -> 现有 0.00%
- 验证集: 5.85%
- 测试集: 5.06%
[onlyNormalData=True] 训练集过滤异常数据: 377158 行 -> 339888 行 (移除 37270 个异常样本)

[PCA降维] 启用
  n_components=10
  PCA前特征维度: 27
  PCA后特征维度: 10
  解释方差比（前10个）: [0.51869311 0.15333047 0.1103832  0.07160594 0.0435558  0.02740393
 0.0225212  0.01900313 0.00983904 0.00835796]
  累积解释方差: 0.9847
  时间点数量: train=339888, val=80820, test=80820 (未改变)
[PCA降维] 完成
数据加载自: dataset/downsampleData_scratch_1minut/contact/contact_cleaned_1minut_20250928_172122.parquet
训练集形状: (339888, 10)
验证集形状: (80820, 10)
测试集形状: (80820, 10)
特征维度: 10
异常比例（行级）:
- 训练集: 原始 9.88% -> 现有 0.00%
- 验证集: 5.85%
- 测试集: 5.06%
[onlyNormalData=True] 训练集过滤异常数据: 377158 行 -> 339888 行 (移除 37270 个异常样本)

[PCA降维] 启用
  n_components=10
  PCA前特征维度: 27
  PCA后特征维度: 10
  解释方差比（前10个）: [0.51869311 0.15333047 0.1103832  0.07160594 0.0435558  0.02740393
 0.0225212  0.01900313 0.00983904 0.00835796]
  累积解释方差: 0.9847
  时间点数量: train=339888, val=80820, test=80820 (未改变)
[PCA降维] 完成
数据加载自: dataset/downsampleData_scratch_1minut/contact/contact_cleaned_1minut_20250928_172122.parquet
训练集形状: (339888, 10)
验证集形状: (80820, 10)
测试集形状: (80820, 10)
特征维度: 10
异常比例（行级）:
- 训练集: 原始 9.88% -> 现有 0.00%
- 验证集: 5.85%
- 测试集: 5.06%
[onlyNormalData=True] 训练集过滤异常数据: 377158 行 -> 339888 行 (移除 37270 个异常样本)

[PCA降维] 启用
  n_components=10
  PCA前特征维度: 27
  PCA后特征维度: 10
  解释方差比（前10个）: [0.51869311 0.15333047 0.1103832  0.07160594 0.0435558  0.02740393
 0.0225212  0.01900313 0.00983904 0.00835796]
  累积解释方差: 0.9847
  时间点数量: train=339888, val=80820, test=80820 (未改变)
[PCA降维] 完成
数据加载自: dataset/downsampleData_scratch_1minut/contact/contact_cleaned_1minut_20250928_172122.parquet
训练集形状: (339888, 10)
验证集形状: (80820, 10)
测试集形状: (80820, 10)
特征维度: 10
异常比例（行级）:
- 训练集: 原始 9.88% -> 现有 0.00%
- 验证集: 5.85%
- 测试集: 5.06%
	speed: 0.0169s/iter; left time: 178.1181s
	speed: 0.0145s/iter; left time: 151.5764s
	speed: 0.0139s/iter; left time: 143.9762s
	speed: 0.0142s/iter; left time: 144.9825s
	speed: 0.0122s/iter; left time: 123.7188s
	speed: 0.0117s/iter; left time: 116.8378s
	speed: 0.0120s/iter; left time: 118.9687s
	speed: 0.0150s/iter; left time: 147.5050s
	speed: 0.0172s/iter; left time: 167.4008s
	speed: 0.0144s/iter; left time: 138.6777s
	speed: 0.0124s/iter; left time: 118.4645s
	speed: 0.0148s/iter; left time: 139.8621s
	speed: 0.0118s/iter; left time: 110.2581s
	speed: 0.0150s/iter; left time: 138.6126s
	speed: 0.0131s/iter; left time: 119.7674s
	speed: 0.0167s/iter; left time: 150.8607s
	speed: 0.0137s/iter; left time: 122.6539s
	speed: 0.0136s/iter; left time: 119.9512s
	speed: 0.0128s/iter; left time: 111.9072s
	speed: 0.0103s/iter; left time: 88.5094s
	speed: 0.0104s/iter; left time: 88.9989s
	speed: 0.0134s/iter; left time: 112.7596s
	speed: 0.0135s/iter; left time: 112.3642s
	speed: 0.0140s/iter; left time: 115.4898s
	speed: 0.0141s/iter; left time: 114.5082s
	speed: 0.0141s/iter; left time: 113.0326s
	speed: 0.0142s/iter; left time: 112.3574s
	speed: 0.0166s/iter; left time: 130.0665s
	speed: 0.0157s/iter; left time: 121.1208s
	speed: 0.0139s/iter; left time: 105.7965s
	speed: 0.0163s/iter; left time: 122.2224s
	speed: 0.0195s/iter; left time: 145.0494s
	speed: 0.0127s/iter; left time: 92.7782s
	speed: 0.0178s/iter; left time: 128.4595s
	speed: 0.0153s/iter; left time: 108.9875s
	speed: 0.0143s/iter; left time: 100.4936s
	speed: 0.0140s/iter; left time: 96.9902s
	speed: 0.0174s/iter; left time: 118.6496s
	speed: 0.0173s/iter; left time: 116.0305s
	speed: 0.0178s/iter; left time: 117.6554s
	speed: 0.0181s/iter; left time: 117.7048s
	speed: 0.0163s/iter; left time: 104.6665s
	speed: 0.0134s/iter; left time: 84.8207s
	speed: 0.0139s/iter; left time: 86.7447s
	speed: 0.0152s/iter; left time: 92.8955s
	speed: 0.0143s/iter; left time: 86.3669s
	speed: 0.0139s/iter; left time: 82.2219s
	speed: 0.0151s/iter; left time: 87.9451s
	speed: 0.0186s/iter; left time: 106.3574s
	speed: 0.0177s/iter; left time: 99.5682s
	speed: 0.0181s/iter; left time: 100.1362s
	speed: 0.0197s/iter; left time: 107.0114s
	speed: 0.0190s/iter; left time: 100.8839s
	speed: 0.0198s/iter; left time: 103.3742s
	speed: 0.0197s/iter; left time: 100.8600s
	speed: 0.0192s/iter; left time: 96.4831s
	speed: 0.0192s/iter; left time: 94.2420s
	speed: 0.0186s/iter; left time: 89.4321s
	speed: 0.0193s/iter; left time: 91.3088s
	speed: 0.0192s/iter; left time: 88.7604s
	speed: 0.0190s/iter; left time: 85.7941s
	speed: 0.0199s/iter; left time: 88.0629s
	speed: 0.0196s/iter; left time: 84.6861s
	speed: 0.0192s/iter; left time: 81.1509s
	speed: 0.0196s/iter; left time: 80.6845s
	speed: 0.0176s/iter; left time: 70.8765s
	speed: 0.0185s/iter; left time: 72.5034s
	speed: 0.0162s/iter; left time: 62.0835s
	speed: 0.0154s/iter; left time: 57.3602s
	speed: 0.0173s/iter; left time: 62.7645s
	speed: 0.0178s/iter; left time: 62.8346s
	speed: 0.0181s/iter; left time: 61.8235s
	speed: 0.0176s/iter; left time: 58.5973s
	speed: 0.0184s/iter; left time: 59.3731s
	speed: 0.0198s/iter; left time: 61.8942s
	speed: 0.0194s/iter; left time: 58.7367s
	speed: 0.0186s/iter; left time: 54.3015s
	speed: 0.0174s/iter; left time: 49.1223s
	speed: 0.0174s/iter; left time: 47.3744s
	speed: 0.0188s/iter; left time: 49.3098s
	speed: 0.0173s/iter; left time: 43.6537s
	speed: 0.0182s/iter; left time: 44.1469s
	speed: 0.0170s/iter; left time: 39.3486s
	speed: 0.0157s/iter; left time: 34.8715s
	speed: 0.0168s/iter; left time: 35.6036s
	speed: 0.0181s/iter; left time: 36.6522s
	speed: 0.0169s/iter; left time: 32.5042s
	speed: 0.0183s/iter; left time: 33.2373s
	speed: 0.0186s/iter; left time: 32.0736s
	speed: 0.0183s/iter; left time: 29.6247s
	speed: 0.0176s/iter; left time: 26.7716s
	speed: 0.0175s/iter; left time: 24.9217s
	speed: 0.0184s/iter; left time: 24.3520s
	speed: 0.0180s/iter; left time: 21.9936s
	speed: 0.0196s/iter; left time: 21.9901s
	speed: 0.0182s/iter; left time: 18.5477s
	speed: 0.0160s/iter; left time: 14.7637s
	speed: 0.0170s/iter; left time: 13.9196s
	speed: 0.0166s/iter; left time: 11.9433s
	speed: 0.0175s/iter; left time: 10.8426s
	speed: 0.0187s/iter; left time: 9.7503s
	speed: 0.0179s/iter; left time: 7.5249s
	speed: 0.0188s/iter; left time: 6.0287s
	speed: 0.0194s/iter; left time: 4.2799s
	speed: 0.0184s/iter; left time: 2.2301s
	speed: 0.0189s/iter; left time: 0.3971s
2025-11-13 17:27:21,415 - INFO - 训练完成!
2025-11-13 17:27:21,415 - INFO - 开始测试模型...
Epoch: 1, Cost time: 207.169s 
Loading checkpoint from: checkpoints2_e_layers_analysis/contact_e_layers1_20251113_172347/contact_cleaned_1minut_20250928_172122_checkpoint_2025-11-13_17-27-21/model.pth
Threshold : 0.3370692729949951
2025-11-13 17:30:02,789 - INFO - 测试完成!
pa_accuracy           : 0.9537
pa_precision          : 0.5357
pa_recall             : 0.6562
pa_f_score            : 0.5899
MCC_score             : 0.5689
Affiliation precision : 0.5480
Affiliation recall    : 0.8159
R_AUC_ROC             : 0.6605
R_AUC_PR              : 0.5211
VUS_ROC               : 0.6611
VUS_PR                : 0.5174
Accuracy : 0.9537, Precision : 0.5357, Recall : 0.6562, F-score : 0.5899 
Test results saved to: checkpoints2_e_layers_analysis/contact_e_layers1_20251113_172347/contact_cleaned_1minut_20250928_172122_checkpoint_2025-11-13_17-27-21/result.json
/home/wanting/KDD2023-DCdetector/venv/lib/python3.12/site-packages/tsfresh/__init__.py:12: UserWarning: pkg_resources is deprecated as an API. See https://setuptools.pypa.io/en/latest/pkg_resources.html. The pkg_resources package is slated for removal as early as 2025-11-30. Refrain from using this package or pin to Setuptools<81.
  import pkg_resources
2025-11-13 17:30:06,823 - INFO - 开始使用自定义数据集运行DCdetector...
2025-11-13 17:30:06,823 - INFO - 数据集: Custom
2025-11-13 17:30:06,823 - INFO - 输入特征维度: 10
2025-11-13 17:30:06,823 - INFO - 窗口大小: 30
2025-11-13 17:30:06,823 - INFO - 批次大小: 32
2025-11-13 17:30:10,696 - INFO - 开始训练模型...
[onlyNormalData=True] 训练集过滤异常数据: 377158 行 -> 339888 行 (移除 37270 个异常样本)

[PCA降维] 启用
  n_components=10
  PCA前特征维度: 27
  PCA后特征维度: 10
  解释方差比（前10个）: [0.51869311 0.15333047 0.1103832  0.07160594 0.0435558  0.02740393
 0.0225212  0.01900313 0.00983904 0.00835796]
  累积解释方差: 0.9847
  时间点数量: train=339888, val=80820, test=80820 (未改变)
[PCA降维] 完成
数据加载自: dataset/downsampleData_scratch_1minut/contact/contact_cleaned_1minut_20250928_172122.parquet
训练集形状: (339888, 10)
验证集形状: (80820, 10)
测试集形状: (80820, 10)
特征维度: 10
异常比例（行级）:
- 训练集: 原始 9.88% -> 现有 0.00%
- 验证集: 5.85%
- 测试集: 5.06%
[onlyNormalData=True] 训练集过滤异常数据: 377158 行 -> 339888 行 (移除 37270 个异常样本)

[PCA降维] 启用
  n_components=10
  PCA前特征维度: 27
  PCA后特征维度: 10
  解释方差比（前10个）: [0.51869311 0.15333047 0.1103832  0.07160594 0.0435558  0.02740393
 0.0225212  0.01900313 0.00983904 0.00835796]
  累积解释方差: 0.9847
  时间点数量: train=339888, val=80820, test=80820 (未改变)
[PCA降维] 完成
数据加载自: dataset/downsampleData_scratch_1minut/contact/contact_cleaned_1minut_20250928_172122.parquet
训练集形状: (339888, 10)
验证集形状: (80820, 10)
测试集形状: (80820, 10)
特征维度: 10
异常比例（行级）:
- 训练集: 原始 9.88% -> 现有 0.00%
- 验证集: 5.85%
- 测试集: 5.06%
[onlyNormalData=True] 训练集过滤异常数据: 377158 行 -> 339888 行 (移除 37270 个异常样本)

[PCA降维] 启用
  n_components=10
  PCA前特征维度: 27
  PCA后特征维度: 10
  解释方差比（前10个）: [0.51869311 0.15333047 0.1103832  0.07160594 0.0435558  0.02740393
 0.0225212  0.01900313 0.00983904 0.00835796]
  累积解释方差: 0.9847
  时间点数量: train=339888, val=80820, test=80820 (未改变)
[PCA降维] 完成
数据加载自: dataset/downsampleData_scratch_1minut/contact/contact_cleaned_1minut_20250928_172122.parquet
训练集形状: (339888, 10)
验证集形状: (80820, 10)
测试集形状: (80820, 10)
特征维度: 10
异常比例（行级）:
- 训练集: 原始 9.88% -> 现有 0.00%
- 验证集: 5.85%
- 测试集: 5.06%
[onlyNormalData=True] 训练集过滤异常数据: 377158 行 -> 339888 行 (移除 37270 个异常样本)

[PCA降维] 启用
  n_components=10
  PCA前特征维度: 27
  PCA后特征维度: 10
  解释方差比（前10个）: [0.51869311 0.15333047 0.1103832  0.07160594 0.0435558  0.02740393
 0.0225212  0.01900313 0.00983904 0.00835796]
  累积解释方差: 0.9847
  时间点数量: train=339888, val=80820, test=80820 (未改变)
[PCA降维] 完成
数据加载自: dataset/downsampleData_scratch_1minut/contact/contact_cleaned_1minut_20250928_172122.parquet
训练集形状: (339888, 10)
验证集形状: (80820, 10)
测试集形状: (80820, 10)
特征维度: 10
异常比例（行级）:
- 训练集: 原始 9.88% -> 现有 0.00%
- 验证集: 5.85%
- 测试集: 5.06%
	speed: 0.0442s/iter; left time: 464.9589s
	speed: 0.0402s/iter; left time: 419.1978s
	speed: 0.0413s/iter; left time: 426.2519s
	speed: 0.0386s/iter; left time: 394.1378s
	speed: 0.0371s/iter; left time: 375.8045s
	speed: 0.0346s/iter; left time: 346.4593s
	speed: 0.0397s/iter; left time: 393.9810s
	speed: 0.0324s/iter; left time: 318.4596s
	speed: 0.0297s/iter; left time: 288.6837s
	speed: 0.0351s/iter; left time: 337.7510s
	speed: 0.0397s/iter; left time: 378.1595s
	speed: 0.0358s/iter; left time: 337.4514s
	speed: 0.0430s/iter; left time: 400.6955s
	speed: 0.0407s/iter; left time: 374.9934s
	speed: 0.0346s/iter; left time: 316.0334s
	speed: 0.0355s/iter; left time: 320.0790s
	speed: 0.0355s/iter; left time: 316.8810s
	speed: 0.0374s/iter; left time: 330.1524s
	speed: 0.0362s/iter; left time: 315.8569s
	speed: 0.0433s/iter; left time: 373.5578s
	speed: 0.0436s/iter; left time: 371.1810s
	speed: 0.0357s/iter; left time: 300.5306s
	speed: 0.0351s/iter; left time: 292.1162s
	speed: 0.0392s/iter; left time: 322.0584s
	speed: 0.0405s/iter; left time: 328.5952s
	speed: 0.0412s/iter; left time: 330.3928s
	speed: 0.0397s/iter; left time: 314.2159s
	speed: 0.0391s/iter; left time: 305.9101s
	speed: 0.0298s/iter; left time: 229.9258s
	speed: 0.0386s/iter; left time: 294.0781s
	speed: 0.0415s/iter; left time: 312.0651s
	speed: 0.0409s/iter; left time: 303.2148s
	speed: 0.0407s/iter; left time: 298.0447s
	speed: 0.0393s/iter; left time: 283.8959s
	speed: 0.0384s/iter; left time: 273.2991s
	speed: 0.0407s/iter; left time: 285.6057s
	speed: 0.0398s/iter; left time: 275.7474s
	speed: 0.0420s/iter; left time: 286.7652s
	speed: 0.0428s/iter; left time: 287.3264s
	speed: 0.0460s/iter; left time: 304.4255s
	speed: 0.0437s/iter; left time: 284.6823s
	speed: 0.0445s/iter; left time: 285.6042s
	speed: 0.0436s/iter; left time: 275.4640s
	speed: 0.0446s/iter; left time: 277.5428s
	speed: 0.0447s/iter; left time: 273.7267s
	speed: 0.0447s/iter; left time: 269.0504s
	speed: 0.0441s/iter; left time: 261.0112s
	speed: 0.0431s/iter; left time: 250.7265s
	speed: 0.0422s/iter; left time: 241.7048s
	speed: 0.0445s/iter; left time: 250.0966s
	speed: 0.0421s/iter; left time: 232.2314s
	speed: 0.0448s/iter; left time: 242.9425s
	speed: 0.0427s/iter; left time: 226.9815s
	speed: 0.0446s/iter; left time: 232.6306s
	speed: 0.0440s/iter; left time: 225.4771s
	speed: 0.0438s/iter; left time: 219.7461s
	speed: 0.0452s/iter; left time: 222.3702s
	speed: 0.0453s/iter; left time: 218.5692s
	speed: 0.0467s/iter; left time: 220.5850s
	speed: 0.0451s/iter; left time: 208.3982s
	speed: 0.0442s/iter; left time: 199.9396s
	speed: 0.0466s/iter; left time: 205.9768s
	speed: 0.0480s/iter; left time: 207.5392s
	speed: 0.0464s/iter; left time: 195.9316s
	speed: 0.0468s/iter; left time: 192.9287s
	speed: 0.0466s/iter; left time: 187.5724s
	speed: 0.0466s/iter; left time: 182.5732s
	speed: 0.0457s/iter; left time: 174.7225s
	speed: 0.0456s/iter; left time: 169.5715s
	speed: 0.0482s/iter; left time: 174.4938s
	speed: 0.0471s/iter; left time: 165.8915s
	speed: 0.0409s/iter; left time: 140.0060s
	speed: 0.0459s/iter; left time: 152.4147s
	speed: 0.0384s/iter; left time: 123.6662s
	speed: 0.0403s/iter; left time: 125.6744s
	speed: 0.0463s/iter; left time: 139.9584s
	speed: 0.0453s/iter; left time: 132.1942s
	speed: 0.0459s/iter; left time: 129.5644s
	speed: 0.0458s/iter; left time: 124.5714s
	speed: 0.0455s/iter; left time: 119.3847s
	speed: 0.0453s/iter; left time: 114.1068s
	speed: 0.0435s/iter; left time: 105.2234s
	speed: 0.0480s/iter; left time: 111.3847s
	speed: 0.0450s/iter; left time: 99.9594s
	speed: 0.0468s/iter; left time: 99.2224s
	speed: 0.0483s/iter; left time: 97.5256s
	speed: 0.0457s/iter; left time: 87.8750s
	speed: 0.0474s/iter; left time: 86.2376s
	speed: 0.0472s/iter; left time: 81.1692s
	speed: 0.0430s/iter; left time: 69.7640s
	speed: 0.0449s/iter; left time: 68.3294s
	speed: 0.0353s/iter; left time: 50.0955s
	speed: 0.0414s/iter; left time: 54.6692s
	speed: 0.0466s/iter; left time: 56.8747s
	speed: 0.0481s/iter; left time: 53.8788s
	speed: 0.0498s/iter; left time: 50.8223s
	speed: 0.0470s/iter; left time: 43.2738s
	speed: 0.0461s/iter; left time: 37.8523s
	speed: 0.0437s/iter; left time: 31.5345s
	speed: 0.0489s/iter; left time: 30.3367s
	speed: 0.0468s/iter; left time: 24.4067s
	speed: 0.0433s/iter; left time: 18.2250s
	speed: 0.0431s/iter; left time: 13.8243s
	speed: 0.0247s/iter; left time: 5.4667s
	speed: 0.0400s/iter; left time: 4.8378s
	speed: 0.0419s/iter; left time: 0.8807s
2025-11-13 17:38:50,955 - INFO - 训练完成!
2025-11-13 17:38:50,955 - INFO - 开始测试模型...
Epoch: 1, Cost time: 520.225s 
Loading checkpoint from: checkpoints2_e_layers_analysis/contact_e_layers3_20251113_173003/contact_cleaned_1minut_20250928_172122_checkpoint_2025-11-13_17-38-50/model.pth
Threshold : 0.34629678159952165
2025-11-13 17:43:46,207 - INFO - 测试完成!
pa_accuracy           : 0.9527
pa_precision          : 0.5277
pa_recall             : 0.6464
pa_f_score            : 0.5810
MCC_score             : 0.5594
Affiliation precision : 0.5509
Affiliation recall    : 0.8206
R_AUC_ROC             : 0.6572
R_AUC_PR              : 0.5166
VUS_ROC               : 0.6561
VUS_PR                : 0.5098
Accuracy : 0.9527, Precision : 0.5277, Recall : 0.6464, F-score : 0.5810 
Test results saved to: checkpoints2_e_layers_analysis/contact_e_layers3_20251113_173003/contact_cleaned_1minut_20250928_172122_checkpoint_2025-11-13_17-38-50/result.json
