/home/wanting/KDD2023-DCdetector/venv/lib/python3.12/site-packages/tsfresh/__init__.py:12: UserWarning: pkg_resources is deprecated as an API. See https://setuptools.pypa.io/en/latest/pkg_resources.html. The pkg_resources package is slated for removal as early as 2025-11-30. Refrain from using this package or pin to Setuptools<81.
  import pkg_resources
2025-11-13 17:12:12,208 - INFO - 开始使用自定义数据集运行DCdetector...
2025-11-13 17:12:12,209 - INFO - 数据集: Custom
2025-11-13 17:12:12,209 - INFO - 输入特征维度: 10
2025-11-13 17:12:12,209 - INFO - 窗口大小: 30
2025-11-13 17:12:12,209 - INFO - 批次大小: 32
2025-11-13 17:12:22,858 - INFO - 开始训练模型...
[onlyNormalData=True] 训练集过滤异常数据: 377158 行 -> 339888 行 (移除 37270 个异常样本)

[PCA降维] 启用
  n_components=10
  PCA前特征维度: 27
  PCA后特征维度: 10
  解释方差比（前10个）: [0.51869311 0.15333047 0.1103832  0.07160594 0.0435558  0.02740393
 0.0225212  0.01900313 0.00983904 0.00835796]
  累积解释方差: 0.9847
  时间点数量: train=339888, val=80820, test=80820 (未改变)
[PCA降维] 完成
数据加载自: dataset/downsampleData_scratch_1minut/contact/contact_cleaned_1minut_20250928_172122.parquet
训练集形状: (339888, 10)
验证集形状: (80820, 10)
测试集形状: (80820, 10)
特征维度: 10
异常比例（行级）:
- 训练集: 原始 9.88% -> 现有 0.00%
- 验证集: 5.85%
- 测试集: 5.06%
[onlyNormalData=True] 训练集过滤异常数据: 377158 行 -> 339888 行 (移除 37270 个异常样本)

[PCA降维] 启用
  n_components=10
  PCA前特征维度: 27
  PCA后特征维度: 10
  解释方差比（前10个）: [0.51869311 0.15333047 0.1103832  0.07160594 0.0435558  0.02740393
 0.0225212  0.01900313 0.00983904 0.00835796]
  累积解释方差: 0.9847
  时间点数量: train=339888, val=80820, test=80820 (未改变)
[PCA降维] 完成
数据加载自: dataset/downsampleData_scratch_1minut/contact/contact_cleaned_1minut_20250928_172122.parquet
训练集形状: (339888, 10)
验证集形状: (80820, 10)
测试集形状: (80820, 10)
特征维度: 10
异常比例（行级）:
- 训练集: 原始 9.88% -> 现有 0.00%
- 验证集: 5.85%
- 测试集: 5.06%
[onlyNormalData=True] 训练集过滤异常数据: 377158 行 -> 339888 行 (移除 37270 个异常样本)

[PCA降维] 启用
  n_components=10
  PCA前特征维度: 27
  PCA后特征维度: 10
  解释方差比（前10个）: [0.51869311 0.15333047 0.1103832  0.07160594 0.0435558  0.02740393
 0.0225212  0.01900313 0.00983904 0.00835796]
  累积解释方差: 0.9847
  时间点数量: train=339888, val=80820, test=80820 (未改变)
[PCA降维] 完成
数据加载自: dataset/downsampleData_scratch_1minut/contact/contact_cleaned_1minut_20250928_172122.parquet
训练集形状: (339888, 10)
验证集形状: (80820, 10)
测试集形状: (80820, 10)
特征维度: 10
异常比例（行级）:
- 训练集: 原始 9.88% -> 现有 0.00%
- 验证集: 5.85%
- 测试集: 5.06%
[onlyNormalData=True] 训练集过滤异常数据: 377158 行 -> 339888 行 (移除 37270 个异常样本)

[PCA降维] 启用
  n_components=10
  PCA前特征维度: 27
  PCA后特征维度: 10
  解释方差比（前10个）: [0.51869311 0.15333047 0.1103832  0.07160594 0.0435558  0.02740393
 0.0225212  0.01900313 0.00983904 0.00835796]
  累积解释方差: 0.9847
  时间点数量: train=339888, val=80820, test=80820 (未改变)
[PCA降维] 完成
数据加载自: dataset/downsampleData_scratch_1minut/contact/contact_cleaned_1minut_20250928_172122.parquet
训练集形状: (339888, 10)
验证集形状: (80820, 10)
测试集形状: (80820, 10)
特征维度: 10
异常比例（行级）:
- 训练集: 原始 9.88% -> 现有 0.00%
- 验证集: 5.85%
- 测试集: 5.06%
	speed: 0.0829s/iter; left time: 872.6059s
	speed: 0.0327s/iter; left time: 340.3216s
	speed: 0.0331s/iter; left time: 341.3600s
	speed: 0.0282s/iter; left time: 287.9199s
	speed: 0.0417s/iter; left time: 421.5798s
	speed: 0.0318s/iter; left time: 318.4547s
	speed: 0.0278s/iter; left time: 275.4597s
	speed: 0.0290s/iter; left time: 284.8139s
	speed: 0.0448s/iter; left time: 435.3874s
	speed: 0.0323s/iter; left time: 310.3692s
	speed: 0.0339s/iter; left time: 323.2125s
	speed: 0.0330s/iter; left time: 310.5989s
	speed: 0.0318s/iter; left time: 296.7148s
	speed: 0.0260s/iter; left time: 239.9113s
	speed: 0.0256s/iter; left time: 233.6754s
	speed: 0.0260s/iter; left time: 234.3894s
	speed: 0.0249s/iter; left time: 222.4960s
	speed: 0.0247s/iter; left time: 217.6759s
	speed: 0.0247s/iter; left time: 215.3182s
	speed: 0.0256s/iter; left time: 220.9588s
	speed: 0.0257s/iter; left time: 218.6128s
	speed: 0.0249s/iter; left time: 209.7587s
	speed: 0.0250s/iter; left time: 207.6135s
	speed: 0.0244s/iter; left time: 200.6343s
	speed: 0.0246s/iter; left time: 199.8501s
	speed: 0.0251s/iter; left time: 201.0769s
	speed: 0.0253s/iter; left time: 200.2912s
	speed: 0.0246s/iter; left time: 192.0548s
	speed: 0.0245s/iter; left time: 189.3379s
	speed: 0.0245s/iter; left time: 187.0660s
	speed: 0.0245s/iter; left time: 183.9312s
	speed: 0.0218s/iter; left time: 161.5823s
	speed: 0.0216s/iter; left time: 158.2213s
	speed: 0.0212s/iter; left time: 152.9534s
	speed: 0.0210s/iter; left time: 149.6076s
	speed: 0.0208s/iter; left time: 145.8855s
	speed: 0.0215s/iter; left time: 148.4649s
	speed: 0.0209s/iter; left time: 142.3256s
	speed: 0.0222s/iter; left time: 149.2915s
	speed: 0.0208s/iter; left time: 137.8085s
	speed: 0.0204s/iter; left time: 132.9130s
	speed: 0.0207s/iter; left time: 133.0612s
	speed: 0.0205s/iter; left time: 129.7229s
	speed: 0.0211s/iter; left time: 131.3713s
	speed: 0.0206s/iter; left time: 126.3772s
	speed: 0.0244s/iter; left time: 146.7830s
	speed: 0.0212s/iter; left time: 125.5066s
	speed: 0.0202s/iter; left time: 117.5658s
	speed: 0.0200s/iter; left time: 114.3065s
	speed: 0.0203s/iter; left time: 113.9200s
	speed: 0.0204s/iter; left time: 112.8181s
	speed: 0.0208s/iter; left time: 113.0131s
	speed: 0.0296s/iter; left time: 157.4997s
	speed: 0.0422s/iter; left time: 220.0674s
	speed: 0.0299s/iter; left time: 153.0574s
	speed: 0.0305s/iter; left time: 153.0391s
	speed: 0.0404s/iter; left time: 198.7898s
	speed: 0.0362s/iter; left time: 174.4725s
	speed: 0.0328s/iter; left time: 154.6821s
	speed: 0.0302s/iter; left time: 139.3455s
	speed: 0.0303s/iter; left time: 136.9786s
	speed: 0.0379s/iter; left time: 167.5759s
	speed: 0.0387s/iter; left time: 167.3633s
	speed: 0.0354s/iter; left time: 149.2352s
	speed: 0.0323s/iter; left time: 133.0811s
	speed: 0.0336s/iter; left time: 135.2133s
	speed: 0.0291s/iter; left time: 114.0256s
	speed: 0.0317s/iter; left time: 121.0952s
	speed: 0.0365s/iter; left time: 135.8403s
	speed: 0.0282s/iter; left time: 102.2607s
	speed: 0.0343s/iter; left time: 120.9416s
	speed: 0.0215s/iter; left time: 73.5884s
	speed: 0.0211s/iter; left time: 70.1000s
	speed: 0.0199s/iter; left time: 64.1364s
	speed: 0.0182s/iter; left time: 56.8249s
	speed: 0.0176s/iter; left time: 53.2922s
	speed: 0.0182s/iter; left time: 53.0933s
	speed: 0.0185s/iter; left time: 52.2936s
	speed: 0.0182s/iter; left time: 49.5754s
	speed: 0.0184s/iter; left time: 48.1187s
	speed: 0.0291s/iter; left time: 73.4499s
	speed: 0.0290s/iter; left time: 70.2567s
	speed: 0.0283s/iter; left time: 65.7197s
	speed: 0.0365s/iter; left time: 81.1300s
	speed: 0.0320s/iter; left time: 67.7728s
	speed: 0.0301s/iter; left time: 60.8270s
	speed: 0.0316s/iter; left time: 60.7616s
	speed: 0.0407s/iter; left time: 74.1088s
	speed: 0.0381s/iter; left time: 65.6310s
	speed: 0.0391s/iter; left time: 63.4109s
	speed: 0.0388s/iter; left time: 59.0186s
	speed: 0.0378s/iter; left time: 53.6969s
	speed: 0.0366s/iter; left time: 48.2834s
	speed: 0.0326s/iter; left time: 39.7662s
	speed: 0.0259s/iter; left time: 28.9962s
	speed: 0.0328s/iter; left time: 33.5378s
	speed: 0.0367s/iter; left time: 33.8109s
	speed: 0.0383s/iter; left time: 31.4039s
	speed: 0.0296s/iter; left time: 21.3464s
	speed: 0.0343s/iter; left time: 21.3307s
	speed: 0.0376s/iter; left time: 19.6112s
	speed: 0.0361s/iter; left time: 15.1840s
	speed: 0.0404s/iter; left time: 12.9809s
	speed: 0.0363s/iter; left time: 8.0265s
	speed: 0.0365s/iter; left time: 4.4173s
	speed: 0.0282s/iter; left time: 0.5923s
2025-11-13 17:18:27,607 - INFO - 训练完成!
2025-11-13 17:18:27,607 - INFO - 开始测试模型...
Epoch: 1, Cost time: 364.704s 
Loading checkpoint from: checkpoints2_win_size_analysis/contact_win_size30_20251113_171206/contact_cleaned_1minut_20250928_172122_checkpoint_2025-11-13_17-18-27/model.pth
Threshold : 0.337934672832489
2025-11-13 17:22:33,079 - INFO - 测试完成!
pa_accuracy           : 0.9533
pa_precision          : 0.5325
pa_recall             : 0.6412
pa_f_score            : 0.5818
MCC_score             : 0.5600
Affiliation precision : 0.5529
Affiliation recall    : 0.8287
R_AUC_ROC             : 0.6603
R_AUC_PR              : 0.5239
VUS_ROC               : 0.6630
VUS_PR                : 0.5212
Accuracy : 0.9533, Precision : 0.5325, Recall : 0.6412, F-score : 0.5818 
Failed to save test results: [Errno 2] No such file or directory: 'checkpoints2_win_size_analysis/contact_win_size30_20251113_171206/contact_cleaned_1minut_20250928_172122_checkpoint_2025-11-13_17-18-27/result.json'
